src/components/Editor.tsx(29,18): error TS2339: Property 'electronAPI' does not exist on type 'Window & typeof globalThis'.
src/lib/mockElectron.ts(17,13): error TS2339: Property 'electronAPI' does not exist on type 'Window & typeof globalThis'.
src/lib/mockElectron.ts(38,10): error TS2339: Property 'electronAPI' does not exist on type 'Window & typeof globalThis'.
src/pages/EditorPage.tsx(25,14): error TS2339: Property 'electronAPI' does not exist on type 'Window & typeof globalThis'.
src/pages/EditorPage.tsx(111,25): error TS2322: Type '{ documentId: string; }' is not assignable to type 'IntrinsicAttributes'.
  Property 'documentId' does not exist on type 'IntrinsicAttributes'.
src/store.ts(26,33): error TS2339: Property 'electronAPI' does not exist on type 'Window & typeof globalThis'.
src/store.ts(39,33): error TS2339: Property 'electronAPI' does not exist on type 'Window & typeof globalThis'.
src/store.ts(51,18): error TS2339: Property 'electronAPI' does not exist on type 'Window & typeof globalThis'.
src/store.ts(59,18): error TS2339: Property 'electronAPI' does not exist on type 'Window & typeof globalThis'.
src/store.ts(64,18): error TS2339: Property 'electronAPI' does not exist on type 'Window & typeof globalThis'.
src/store.ts(69,18): error TS2339: Property 'electronAPI' does not exist on type 'Window & typeof globalThis'.
